folder2	UPDATED
document.pdf	UPDATED
file.txt	STORED
folder2/file.txt	STORED
